Archive member included to satisfy reference by file (symbol)

c:/st/stm32cubeide_1.1.0/stm32cubeide/plugins/com.st.stm32cube.ide.mcu.externaltools.gnu-tools-for-stm32.7-2018-q2-update.win32_1.0.0.201904181610/tools/bin/../lib/gcc/arm-none-eabi/7.3.1/../../../../arm-none-eabi/lib/thumb/v7e-m/fpv4-sp/hard\libc_nano.a(lib_a-errno.o)
                              Core/Src/syscalls.o (__errno)
c:/st/stm32cubeide_1.1.0/stm32cubeide/plugins/com.st.stm32cube.ide.mcu.externaltools.gnu-tools-for-stm32.7-2018-q2-update.win32_1.0.0.201904181610/tools/bin/../lib/gcc/arm-none-eabi/7.3.1/../../../../arm-none-eabi/lib/thumb/v7e-m/fpv4-sp/hard\libc_nano.a(lib_a-exit.o)
                              c:/st/stm32cubeide_1.1.0/stm32cubeide/plugins/com.st.stm32cube.ide.mcu.externaltools.gnu-tools-for-stm32.7-2018-q2-update.win32_1.0.0.201904181610/tools/bin/../lib/gcc/arm-none-eabi/7.3.1/../../../../arm-none-eabi/lib/thumb/v7e-m/fpv4-sp/hard/crt0.o (exit)
c:/st/stm32cubeide_1.1.0/stm32cubeide/plugins/com.st.stm32cube.ide.mcu.externaltools.gnu-tools-for-stm32.7-2018-q2-update.win32_1.0.0.201904181610/tools/bin/../lib/gcc/arm-none-eabi/7.3.1/../../../../arm-none-eabi/lib/thumb/v7e-m/fpv4-sp/hard\libc_nano.a(lib_a-impure.o)
                              c:/st/stm32cubeide_1.1.0/stm32cubeide/plugins/com.st.stm32cube.ide.mcu.externaltools.gnu-tools-for-stm32.7-2018-q2-update.win32_1.0.0.201904181610/tools/bin/../lib/gcc/arm-none-eabi/7.3.1/../../../../arm-none-eabi/lib/thumb/v7e-m/fpv4-sp/hard\libc_nano.a(lib_a-exit.o) (_global_impure_ptr)
c:/st/stm32cubeide_1.1.0/stm32cubeide/plugins/com.st.stm32cube.ide.mcu.externaltools.gnu-tools-for-stm32.7-2018-q2-update.win32_1.0.0.201904181610/tools/bin/../lib/gcc/arm-none-eabi/7.3.1/../../../../arm-none-eabi/lib/thumb/v7e-m/fpv4-sp/hard\libc_nano.a(lib_a-init.o)
                              c:/st/stm32cubeide_1.1.0/stm32cubeide/plugins/com.st.stm32cube.ide.mcu.externaltools.gnu-tools-for-stm32.7-2018-q2-update.win32_1.0.0.201904181610/tools/bin/../lib/gcc/arm-none-eabi/7.3.1/../../../../arm-none-eabi/lib/thumb/v7e-m/fpv4-sp/hard/crt0.o (__libc_init_array)
c:/st/stm32cubeide_1.1.0/stm32cubeide/plugins/com.st.stm32cube.ide.mcu.externaltools.gnu-tools-for-stm32.7-2018-q2-update.win32_1.0.0.201904181610/tools/bin/../lib/gcc/arm-none-eabi/7.3.1/../../../../arm-none-eabi/lib/thumb/v7e-m/fpv4-sp/hard\libc_nano.a(lib_a-memset.o)
                              c:/st/stm32cubeide_1.1.0/stm32cubeide/plugins/com.st.stm32cube.ide.mcu.externaltools.gnu-tools-for-stm32.7-2018-q2-update.win32_1.0.0.201904181610/tools/bin/../lib/gcc/arm-none-eabi/7.3.1/../../../../arm-none-eabi/lib/thumb/v7e-m/fpv4-sp/hard/crt0.o (memset)
c:/st/stm32cubeide_1.1.0/stm32cubeide/plugins/com.st.stm32cube.ide.mcu.externaltools.gnu-tools-for-stm32.7-2018-q2-update.win32_1.0.0.201904181610/tools/bin/../lib/gcc/arm-none-eabi/7.3.1/thumb/v7e-m/fpv4-sp/hard\libgcc.a(_aeabi_uldivmod.o)
                              Drivers/STM32F4xx_HAL_Driver/Src/stm32f4xx_hal_rcc.o (__aeabi_uldivmod)
c:/st/stm32cubeide_1.1.0/stm32cubeide/plugins/com.st.stm32cube.ide.mcu.externaltools.gnu-tools-for-stm32.7-2018-q2-update.win32_1.0.0.201904181610/tools/bin/../lib/gcc/arm-none-eabi/7.3.1/thumb/v7e-m/fpv4-sp/hard\libgcc.a(_udivmoddi4.o)
                              c:/st/stm32cubeide_1.1.0/stm32cubeide/plugins/com.st.stm32cube.ide.mcu.externaltools.gnu-tools-for-stm32.7-2018-q2-update.win32_1.0.0.201904181610/tools/bin/../lib/gcc/arm-none-eabi/7.3.1/thumb/v7e-m/fpv4-sp/hard\libgcc.a(_aeabi_uldivmod.o) (__udivmoddi4)
c:/st/stm32cubeide_1.1.0/stm32cubeide/plugins/com.st.stm32cube.ide.mcu.externaltools.gnu-tools-for-stm32.7-2018-q2-update.win32_1.0.0.201904181610/tools/bin/../lib/gcc/arm-none-eabi/7.3.1/thumb/v7e-m/fpv4-sp/hard\libgcc.a(_dvmd_tls.o)
                              c:/st/stm32cubeide_1.1.0/stm32cubeide/plugins/com.st.stm32cube.ide.mcu.externaltools.gnu-tools-for-stm32.7-2018-q2-update.win32_1.0.0.201904181610/tools/bin/../lib/gcc/arm-none-eabi/7.3.1/thumb/v7e-m/fpv4-sp/hard\libgcc.a(_aeabi_uldivmod.o) (__aeabi_ldiv0)

Allocating common symbols
Common symbol       size              file

JumpAddress         0x4               Core/Src/menu.o
uwTick              0x4               Drivers/STM32F4xx_HAL_Driver/Src/stm32f4xx_hal.o
pFlash              0x20              Drivers/STM32F4xx_HAL_Driver/Src/stm32f4xx_hal_flash.o
huart1              0x40              Core/Src/main.o
aPacketData         0x406             Core/Src/ymodem.o
flashdestination    0x4               Core/Src/ymodem.o
JumpToApplication   0x4               Core/Src/menu.o
aFileName           0x40              Core/Src/menu.o

Discarded input sections

 .text          0x0000000000000000        0x0 c:/st/stm32cubeide_1.1.0/stm32cubeide/plugins/com.st.stm32cube.ide.mcu.externaltools.gnu-tools-for-stm32.7-2018-q2-update.win32_1.0.0.201904181610/tools/bin/../lib/gcc/arm-none-eabi/7.3.1/thumb/v7e-m/fpv4-sp/hard/crti.o
[...]
Memory Configuration

Name             Origin             Length             Attributes
CCMRAM           0x0000000010000000 0x0000000000010000 xrw
RAM              0x0000000020000000 0x0000000000020000 xrw
FLASH            0x0000000008000000 0x0000000000100000 xr
*default*        0x0000000000000000 0xffffffffffffffff

Linker script and memory map

LOAD c:/st/stm32cubeide_1.1.0/stm32cubeide/plugins/com.st.stm32cube.ide.mcu.externaltools.gnu-tools-for-stm32.7-2018-q2-update.win32_1.0.0.201904181610/tools/bin/../lib/gcc/arm-none-eabi/7.3.1/thumb/v7e-m/fpv4-sp/hard/crti.o
LOAD c:/st/stm32cubeide_1.1.0/stm32cubeide/plugins/com.st.stm32cube.ide.mcu.externaltools.gnu-tools-for-stm32.7-2018-q2-update.win32_1.0.0.201904181610/tools/bin/../lib/gcc/arm-none-eabi/7.3.1/thumb/v7e-m/fpv4-sp/hard/crtbegin.o
LOAD c:/st/stm32cubeide_1.1.0/stm32cubeide/plugins/com.st.stm32cube.ide.mcu.externaltools.gnu-tools-for-stm32.7-2018-q2-update.win32_1.0.0.201904181610/tools/bin/../lib/gcc/arm-none-eabi/7.3.1/../../../../arm-none-eabi/lib/thumb/v7e-m/fpv4-sp/hard/crt0.o
LOAD Core/Src/common.o
LOAD Core/Src/flash_if.o
LOAD Core/Src/main.o
LOAD Core/Src/menu.o
LOAD Core/Src/stm32f4xx_hal_msp.o
LOAD Core/Src/stm32f4xx_it.o
LOAD Core/Src/syscalls.o
LOAD Core/Src/sysmem.o
LOAD Core/Src/system_stm32f4xx.o
LOAD Core/Src/ymodem.o
LOAD Core/Startup/startup_stm32f407vgtx.o
LOAD Drivers/STM32F4xx_HAL_Driver/Src/stm32f4xx_hal.o
LOAD Drivers/STM32F4xx_HAL_Driver/Src/stm32f4xx_hal_cortex.o
LOAD Drivers/STM32F4xx_HAL_Driver/Src/stm32f4xx_hal_dma.o
LOAD Drivers/STM32F4xx_HAL_Driver/Src/stm32f4xx_hal_dma_ex.o
LOAD Drivers/STM32F4xx_HAL_Driver/Src/stm32f4xx_hal_exti.o
LOAD Drivers/STM32F4xx_HAL_Driver/Src/stm32f4xx_hal_flash.o
LOAD Drivers/STM32F4xx_HAL_Driver/Src/stm32f4xx_hal_flash_ex.o
LOAD Drivers/STM32F4xx_HAL_Driver/Src/stm32f4xx_hal_flash_ramfunc.o
LOAD Drivers/STM32F4xx_HAL_Driver/Src/stm32f4xx_hal_gpio.o
LOAD Drivers/STM32F4xx_HAL_Driver/Src/stm32f4xx_hal_pwr.o
LOAD Drivers/STM32F4xx_HAL_Driver/Src/stm32f4xx_hal_pwr_ex.o
LOAD Drivers/STM32F4xx_HAL_Driver/Src/stm32f4xx_hal_rcc.o
LOAD Drivers/STM32F4xx_HAL_Driver/Src/stm32f4xx_hal_rcc_ex.o
LOAD Drivers/STM32F4xx_HAL_Driver/Src/stm32f4xx_hal_tim.o
LOAD Drivers/STM32F4xx_HAL_Driver/Src/stm32f4xx_hal_tim_ex.o
LOAD Drivers/STM32F4xx_HAL_Driver/Src/stm32f4xx_hal_uart.o
START GROUP
LOAD c:/st/stm32cubeide_1.1.0/stm32cubeide/plugins/com.st.stm32cube.ide.mcu.externaltools.gnu-tools-for-stm32.7-2018-q2-update.win32_1.0.0.201904181610/tools/bin/../lib/gcc/arm-none-eabi/7.3.1/../../../../arm-none-eabi/lib/thumb/v7e-m/fpv4-sp/hard\libc_nano.a
LOAD c:/st/stm32cubeide_1.1.0/stm32cubeide/plugins/com.st.stm32cube.ide.mcu.externaltools.gnu-tools-for-stm32.7-2018-q2-update.win32_1.0.0.201904181610/tools/bin/../lib/gcc/arm-none-eabi/7.3.1/../../../../arm-none-eabi/lib/thumb/v7e-m/fpv4-sp/hard\libm.a
END GROUP
START GROUP
LOAD c:/st/stm32cubeide_1.1.0/stm32cubeide/plugins/com.st.stm32cube.ide.mcu.externaltools.gnu-tools-for-stm32.7-2018-q2-update.win32_1.0.0.201904181610/tools/bin/../lib/gcc/arm-none-eabi/7.3.1/thumb/v7e-m/fpv4-sp/hard\libgcc.a
LOAD c:/st/stm32cubeide_1.1.0/stm32cubeide/plugins/com.st.stm32cube.ide.mcu.externaltools.gnu-tools-for-stm32.7-2018-q2-update.win32_1.0.0.201904181610/tools/bin/../lib/gcc/arm-none-eabi/7.3.1/../../../../arm-none-eabi/lib/thumb/v7e-m/fpv4-sp/hard\libc_nano.a
END GROUP
START GROUP
LOAD c:/st/stm32cubeide_1.1.0/stm32cubeide/plugins/com.st.stm32cube.ide.mcu.externaltools.gnu-tools-for-stm32.7-2018-q2-update.win32_1.0.0.201904181610/tools/bin/../lib/gcc/arm-none-eabi/7.3.1/thumb/v7e-m/fpv4-sp/hard\libgcc.a
LOAD c:/st/stm32cubeide_1.1.0/stm32cubeide/plugins/com.st.stm32cube.ide.mcu.externaltools.gnu-tools-for-stm32.7-2018-q2-update.win32_1.0.0.201904181610/tools/bin/../lib/gcc/arm-none-eabi/7.3.1/../../../../arm-none-eabi/lib/thumb/v7e-m/fpv4-sp/hard\libc_nano.a
LOAD c:/st/stm32cubeide_1.1.0/stm32cubeide/plugins/com.st.stm32cube.ide.mcu.externaltools.gnu-tools-for-stm32.7-2018-q2-update.win32_1.0.0.201904181610/tools/bin/../lib/gcc/arm-none-eabi/7.3.1/../../../../arm-none-eabi/lib/thumb/v7e-m/fpv4-sp/hard\libnosys.a
END GROUP
START GROUP
LOAD c:/st/stm32cubeide_1.1.0/stm32cubeide/plugins/com.st.stm32cube.ide.mcu.externaltools.gnu-tools-for-stm32.7-2018-q2-update.win32_1.0.0.201904181610/tools/bin/../lib/gcc/arm-none-eabi/7.3.1/thumb/v7e-m/fpv4-sp/hard\libgcc.a
LOAD c:/st/stm32cubeide_1.1.0/stm32cubeide/plugins/com.st.stm32cube.ide.mcu.externaltools.gnu-tools-for-stm32.7-2018-q2-update.win32_1.0.0.201904181610/tools/bin/../lib/gcc/arm-none-eabi/7.3.1/../../../../arm-none-eabi/lib/thumb/v7e-m/fpv4-sp/hard\libc_nano.a
LOAD c:/st/stm32cubeide_1.1.0/stm32cubeide/plugins/com.st.stm32cube.ide.mcu.externaltools.gnu-tools-for-stm32.7-2018-q2-update.win32_1.0.0.201904181610/tools/bin/../lib/gcc/arm-none-eabi/7.3.1/../../../../arm-none-eabi/lib/thumb/v7e-m/fpv4-sp/hard\libnosys.a
END GROUP
LOAD c:/st/stm32cubeide_1.1.0/stm32cubeide/plugins/com.st.stm32cube.ide.mcu.externaltools.gnu-tools-for-stm32.7-2018-q2-update.win32_1.0.0.201904181610/tools/bin/../lib/gcc/arm-none-eabi/7.3.1/thumb/v7e-m/fpv4-sp/hard/crtend.o
LOAD c:/st/stm32cubeide_1.1.0/stm32cubeide/plugins/com.st.stm32cube.ide.mcu.externaltools.gnu-tools-for-stm32.7-2018-q2-update.win32_1.0.0.201904181610/tools/bin/../lib/gcc/arm-none-eabi/7.3.1/thumb/v7e-m/fpv4-sp/hard/crtn.o
                0x0000000020020000                _estack = (ORIGIN (RAM) + LENGTH (RAM))
                0x0000000000000200                _Min_Heap_Size = 0x200
                0x0000000000000400                _Min_Stack_Size = 0x400

.isr_vector     0x0000000008000000      0x188
                0x0000000008000000                . = ALIGN (0x4)
 *(.isr_vector)
 .isr_vector    0x0000000008000000      0x188 Core/Startup/startup_stm32f407vgtx.o
                0x0000000008000000                g_pfnVectors
                0x0000000008000188                . = ALIGN (0x4)

.text           0x0000000008000188     0x3b94
                0x0000000008000188                . = ALIGN (0x4)
 *(.text)
 .text          0x0000000008000188       0x40 c:/st/stm32cubeide_1.1.0/stm32cubeide/plugins/com.st.stm32cube.ide.mcu.externaltools.gnu-tools-for-stm32.7-2018-q2-update.win32_1.0.0.201904181610/tools/bin/../lib/gcc/arm-none-eabi/7.3.1/thumb/v7e-m/fpv4-sp/hard/crtbegin.o
 .text          0x00000000080001c8       0x30 c:/st/stm32cubeide_1.1.0/stm32cubeide/plugins/com.st.stm32cube.ide.mcu.externaltools.gnu-tools-for-stm32.7-2018-q2-update.win32_1.0.0.201904181610/tools/bin/../lib/gcc/arm-none-eabi/7.3.1/thumb/v7e-m/fpv4-sp/hard\libgcc.a(_aeabi_uldivmod.o)
                0x00000000080001c8                __aeabi_uldivmod
 .text          0x00000000080001f8      0x2cc c:/st/stm32cubeide_1.1.0/stm32cubeide/plugins/com.st.stm32cube.ide.mcu.externaltools.gnu-tools-for-stm32.7-2018-q2-update.win32_1.0.0.201904181610/tools/bin/../lib/gcc/arm-none-eabi/7.3.1/thumb/v7e-m/fpv4-sp/hard\libgcc.a(_udivmoddi4.o)
                0x00000000080001f8                __udivmoddi4
 .text          0x00000000080004c4        0x4 c:/st/stm32cubeide_1.1.0/stm32cubeide/plugins/com.st.stm32cube.ide.mcu.externaltools.gnu-tools-for-stm32.7-2018-q2-update.win32_1.0.0.201904181610/tools/bin/../lib/gcc/arm-none-eabi/7.3.1/thumb/v7e-m/fpv4-sp/hard\libgcc.a(_dvmd_tls.o)
                0x00000000080004c4                __aeabi_idiv0
                0x00000000080004c4                __aeabi_ldiv0
 *(.text*)
 .text.Int2Str  0x00000000080004c8       0xa8 Core/Src/common.o
                0x00000000080004c8                Int2Str
 .text.Str2Int  0x0000000008000570      0x1e8 Core/Src/common.o
                0x0000000008000570                Str2Int
 .text.Serial_PutString
                0x0000000008000758       0x38 Core/Src/common.o
                0x0000000008000758                Serial_PutString
 .text.Serial_PutByte
                0x0000000008000790       0x38 Core/Src/common.o
                0x0000000008000790                Serial_PutByte
 .text.FLASH_If_Init
                0x00000000080007c8       0x18 Core/Src/flash_if.o
                0x00000000080007c8                FLASH_If_Init
 .text.FLASH_If_Erase
                0x00000000080007e0       0x4c Core/Src/flash_if.o
                0x00000000080007e0                FLASH_If_Erase
 .text.FLASH_If_Write
                0x000000000800082c       0x7c Core/Src/flash_if.o
                0x000000000800082c                FLASH_If_Write
 .text.FLASH_If_GetWriteProtectionStatus
                0x00000000080008a8       0x3a Core/Src/flash_if.o
                0x00000000080008a8                FLASH_If_GetWriteProtectionStatus
 *fill*         0x00000000080008e2        0x2 
 .text.GetSector
                0x00000000080008e4      0x13c Core/Src/flash_if.o
 .text.FLASH_If_WriteProtectionConfig
                0x0000000008000a20       0x66 Core/Src/flash_if.o
                0x0000000008000a20                FLASH_If_WriteProtectionConfig
 *fill*         0x0000000008000a86        0x2 
 .text.main     0x0000000008000a88       0x7c Core/Src/main.o
                0x0000000008000a88                main
 .text.SystemClock_Config
                0x0000000008000b04       0xd4 Core/Src/main.o
                0x0000000008000b04                SystemClock_Config
 .text.MX_USART1_UART_Init
                0x0000000008000bd8       0x54 Core/Src/main.o
 .text.MX_GPIO_Init
                0x0000000008000c2c       0x58 Core/Src/main.o
 .text.Error_Handler
                0x0000000008000c84        0xe Core/Src/main.o
                0x0000000008000c84                Error_Handler
 *fill*         0x0000000008000c92        0x2 
 .text.SerialDownload
                0x0000000008000c94       0xc4 Core/Src/menu.o
                0x0000000008000c94                SerialDownload
 .text.SerialUpload
                0x0000000008000d58       0x68 Core/Src/menu.o
                0x0000000008000d58                SerialUpload
 .text.Main_Menu
                0x0000000008000dc0      0x1b0 Core/Src/menu.o
                0x0000000008000dc0                Main_Menu
 .text.HAL_MspInit
                0x0000000008000f70       0x50 Core/Src/stm32f4xx_hal_msp.o
                0x0000000008000f70                HAL_MspInit
 .text.HAL_UART_MspInit
                0x0000000008000fc0       0x90 Core/Src/stm32f4xx_hal_msp.o
                0x0000000008000fc0                HAL_UART_MspInit
 .text.NMI_Handler
                0x0000000008001050        0xe Core/Src/stm32f4xx_it.o
                0x0000000008001050                NMI_Handler
 .text.HardFault_Handler
                0x000000000800105e        0x6 Core/Src/stm32f4xx_it.o
                0x000000000800105e                HardFault_Handler
 .text.MemManage_Handler
                0x0000000008001064        0x6 Core/Src/stm32f4xx_it.o
                0x0000000008001064                MemManage_Handler
 .text.BusFault_Handler
                0x000000000800106a        0x6 Core/Src/stm32f4xx_it.o
                0x000000000800106a                BusFault_Handler
 .text.UsageFault_Handler
                0x0000000008001070        0x6 Core/Src/stm32f4xx_it.o
                0x0000000008001070                UsageFault_Handler
 .text.SVC_Handler
                0x0000000008001076        0xe Core/Src/stm32f4xx_it.o
                0x0000000008001076                SVC_Handler
 .text.DebugMon_Handler
                0x0000000008001084        0xe Core/Src/stm32f4xx_it.o
                0x0000000008001084                DebugMon_Handler
 .text.PendSV_Handler
                0x0000000008001092        0xe Core/Src/stm32f4xx_it.o
                0x0000000008001092                PendSV_Handler
 .text.SysTick_Handler
                0x00000000080010a0        0xc Core/Src/stm32f4xx_it.o
                0x00000000080010a0                SysTick_Handler
 .text.SystemInit
                0x00000000080010ac       0x2c Core/Src/system_stm32f4xx.o
                0x00000000080010ac                SystemInit
 .text.ReceivePacket
                0x00000000080010d8      0x134 Core/Src/ymodem.o
 .text.PrepareIntialPacket
                0x000000000800120c       0xc6 Core/Src/ymodem.o
 .text.PreparePacket
                0x00000000080012d2       0xbc Core/Src/ymodem.o
 .text.UpdateCRC16
                0x000000000800138e       0x68 Core/Src/ymodem.o
                0x000000000800138e                UpdateCRC16
 .text.Cal_CRC16
                0x00000000080013f6       0x62 Core/Src/ymodem.o
                0x00000000080013f6                Cal_CRC16
 .text.Ymodem_Receive
                0x0000000008001458      0x250 Core/Src/ymodem.o
                0x0000000008001458                Ymodem_Receive
 .text.Ymodem_Transmit
                0x00000000080016a8      0x320 Core/Src/ymodem.o
                0x00000000080016a8                Ymodem_Transmit
 .text.Reset_Handler
                0x00000000080019c8       0x50 Core/Startup/startup_stm32f407vgtx.o
                0x00000000080019c8                Reset_Handler
 .text.Default_Handler
                0x0000000008001a18        0x2 Core/Startup/startup_stm32f407vgtx.o
                0x0000000008001a18                RTC_Alarm_IRQHandler
                0x0000000008001a18                HASH_RNG_IRQHandler
                0x0000000008001a18                EXTI2_IRQHandler
                0x0000000008001a18                TIM8_CC_IRQHandler
                0x0000000008001a18                TIM1_CC_IRQHandler
                0x0000000008001a18                DMA2_Stream5_IRQHandler
                0x0000000008001a18                DMA1_Stream5_IRQHandler
                0x0000000008001a18                PVD_IRQHandler
                0x0000000008001a18                SDIO_IRQHandler
                0x0000000008001a18                TAMP_STAMP_IRQHandler
                0x0000000008001a18                CAN2_RX1_IRQHandler
                0x0000000008001a18                EXTI3_IRQHandler
                0x0000000008001a18                TIM8_TRG_COM_TIM14_IRQHandler
                0x0000000008001a18                TIM1_UP_TIM10_IRQHandler
                0x0000000008001a18                TIM8_UP_TIM13_IRQHandler
                0x0000000008001a18                I2C3_ER_IRQHandler
                0x0000000008001a18                EXTI0_IRQHandler
                0x0000000008001a18                I2C2_EV_IRQHandler
                0x0000000008001a18                DMA1_Stream2_IRQHandler
                0x0000000008001a18                CAN1_RX0_IRQHandler
                0x0000000008001a18                FPU_IRQHandler
                0x0000000008001a18                OTG_HS_WKUP_IRQHandler
                0x0000000008001a18                CAN2_SCE_IRQHandler
                0x0000000008001a18                DMA2_Stream2_IRQHandler
                0x0000000008001a18                SPI1_IRQHandler
                0x0000000008001a18                TIM6_DAC_IRQHandler
                0x0000000008001a18                TIM1_BRK_TIM9_IRQHandler
                0x0000000008001a18                DCMI_IRQHandler
                0x0000000008001a18                CAN2_RX0_IRQHandler
                0x0000000008001a18                DMA2_Stream3_IRQHandler
                0x0000000008001a18                USART6_IRQHandler
                0x0000000008001a18                USART3_IRQHandler
                0x0000000008001a18                CAN1_RX1_IRQHandler
                0x0000000008001a18                UART5_IRQHandler
                0x0000000008001a18                DMA2_Stream0_IRQHandler
                0x0000000008001a18                TIM4_IRQHandler
                0x0000000008001a18                I2C1_EV_IRQHandler
                0x0000000008001a18                DMA1_Stream6_IRQHandler
                0x0000000008001a18                DMA1_Stream1_IRQHandler
                0x0000000008001a18                UART4_IRQHandler
                0x0000000008001a18                TIM3_IRQHandler
                0x0000000008001a18                RCC_IRQHandler
                0x0000000008001a18                TIM8_BRK_TIM12_IRQHandler
                0x0000000008001a18                Default_Handler
                0x0000000008001a18                EXTI15_10_IRQHandler
                0x0000000008001a18                ADC_IRQHandler
                0x0000000008001a18                DMA1_Stream7_IRQHandler
                0x0000000008001a18                TIM7_IRQHandler
                0x0000000008001a18                CAN2_TX_IRQHandler
                0x0000000008001a18                TIM5_IRQHandler
                0x0000000008001a18                DMA2_Stream7_IRQHandler
                0x0000000008001a18                I2C3_EV_IRQHandler
                0x0000000008001a18                EXTI9_5_IRQHandler
                0x0000000008001a18                RTC_WKUP_IRQHandler
                0x0000000008001a18                ETH_WKUP_IRQHandler
                0x0000000008001a18                SPI2_IRQHandler
                0x0000000008001a18                OTG_HS_EP1_IN_IRQHandler
                0x0000000008001a18                DMA1_Stream0_IRQHandler
                0x0000000008001a18                CAN1_TX_IRQHandler
                0x0000000008001a18                EXTI4_IRQHandler
                0x0000000008001a18                FSMC_IRQHandler
                0x0000000008001a18                ETH_IRQHandler
                0x0000000008001a18                OTG_HS_EP1_OUT_IRQHandler
                0x0000000008001a18                WWDG_IRQHandler
                0x0000000008001a18                TIM2_IRQHandler
                0x0000000008001a18                OTG_FS_WKUP_IRQHandler
                0x0000000008001a18                TIM1_TRG_COM_TIM11_IRQHandler
                0x0000000008001a18                OTG_HS_IRQHandler
                0x0000000008001a18                EXTI1_IRQHandler
                0x0000000008001a18                USART2_IRQHandler
                0x0000000008001a18                I2C2_ER_IRQHandler
                0x0000000008001a18                DMA2_Stream1_IRQHandler
                0x0000000008001a18                CAN1_SCE_IRQHandler
                0x0000000008001a18                FLASH_IRQHandler
                0x0000000008001a18                DMA2_Stream4_IRQHandler
                0x0000000008001a18                USART1_IRQHandler
                0x0000000008001a18                OTG_FS_IRQHandler
                0x0000000008001a18                SPI3_IRQHandler
                0x0000000008001a18                DMA1_Stream4_IRQHandler
                0x0000000008001a18                I2C1_ER_IRQHandler
                0x0000000008001a18                DMA2_Stream6_IRQHandler
                0x0000000008001a18                DMA1_Stream3_IRQHandler
 *fill*         0x0000000008001a1a        0x2 
 .text.HAL_Init
                0x0000000008001a1c       0x44 Drivers/STM32F4xx_HAL_Driver/Src/stm32f4xx_hal.o
                0x0000000008001a1c                HAL_Init
 .text.HAL_InitTick
                0x0000000008001a60       0x60 Drivers/STM32F4xx_HAL_Driver/Src/stm32f4xx_hal.o
                0x0000000008001a60                HAL_InitTick
 .text.HAL_IncTick
                0x0000000008001ac0       0x28 Drivers/STM32F4xx_HAL_Driver/Src/stm32f4xx_hal.o
                0x0000000008001ac0                HAL_IncTick
 .text.HAL_GetTick
                0x0000000008001ae8       0x18 Drivers/STM32F4xx_HAL_Driver/Src/stm32f4xx_hal.o
                0x0000000008001ae8                HAL_GetTick
 .text.HAL_Delay
                0x0000000008001b00       0x44 Drivers/STM32F4xx_HAL_Driver/Src/stm32f4xx_hal.o
                0x0000000008001b00                HAL_Delay
 .text.__NVIC_SetPriorityGrouping
                0x0000000008001b44       0x48 Drivers/STM32F4xx_HAL_Driver/Src/stm32f4xx_hal_cortex.o
 .text.__NVIC_GetPriorityGrouping
                0x0000000008001b8c       0x1c Drivers/STM32F4xx_HAL_Driver/Src/stm32f4xx_hal_cortex.o
 .text.__NVIC_SetPriority
                0x0000000008001ba8       0x54 Drivers/STM32F4xx_HAL_Driver/Src/stm32f4xx_hal_cortex.o
 .text.NVIC_EncodePriority
                0x0000000008001bfc       0x66 Drivers/STM32F4xx_HAL_Driver/Src/stm32f4xx_hal_cortex.o
 *fill*         0x0000000008001c62        0x2 
 .text.SysTick_Config
                0x0000000008001c64       0x44 Drivers/STM32F4xx_HAL_Driver/Src/stm32f4xx_hal_cortex.o
 .text.HAL_NVIC_SetPriorityGrouping
                0x0000000008001ca8       0x16 Drivers/STM32F4xx_HAL_Driver/Src/stm32f4xx_hal_cortex.o
                0x0000000008001ca8                HAL_NVIC_SetPriorityGrouping
 .text.HAL_NVIC_SetPriority
                0x0000000008001cbe       0x38 Drivers/STM32F4xx_HAL_Driver/Src/stm32f4xx_hal_cortex.o
                0x0000000008001cbe                HAL_NVIC_SetPriority
 .text.HAL_SYSTICK_Config
                0x0000000008001cf6       0x18 Drivers/STM32F4xx_HAL_Driver/Src/stm32f4xx_hal_cortex.o
                0x0000000008001cf6                HAL_SYSTICK_Config
 *fill*         0x0000000008001d0e        0x2 
 .text.HAL_FLASH_Program
                0x0000000008001d10       0xa8 Drivers/STM32F4xx_HAL_Driver/Src/stm32f4xx_hal_flash.o
                0x0000000008001d10                HAL_FLASH_Program
 .text.HAL_FLASH_Unlock
                0x0000000008001db8       0x44 Drivers/STM32F4xx_HAL_Driver/Src/stm32f4xx_hal_flash.o
                0x0000000008001db8                HAL_FLASH_Unlock
 .text.HAL_FLASH_Lock
                0x0000000008001dfc       0x20 Drivers/STM32F4xx_HAL_Driver/Src/stm32f4xx_hal_flash.o
                0x0000000008001dfc                HAL_FLASH_Lock
 .text.HAL_FLASH_OB_Unlock
                0x0000000008001e1c       0x38 Drivers/STM32F4xx_HAL_Driver/Src/stm32f4xx_hal_flash.o
                0x0000000008001e1c                HAL_FLASH_OB_Unlock
 .text.HAL_FLASH_OB_Launch
                0x0000000008001e54       0x28 Drivers/STM32F4xx_HAL_Driver/Src/stm32f4xx_hal_flash.o
                0x0000000008001e54                HAL_FLASH_OB_Launch
 .text.FLASH_WaitForLastOperation
                0x0000000008001e7c       0x80 Drivers/STM32F4xx_HAL_Driver/Src/stm32f4xx_hal_flash.o
                0x0000000008001e7c                FLASH_WaitForLastOperation
 .text.FLASH_Program_DoubleWord
                0x0000000008001efc       0x60 Drivers/STM32F4xx_HAL_Driver/Src/stm32f4xx_hal_flash.o
 .text.FLASH_Program_Word
                0x0000000008001f5c       0x44 Drivers/STM32F4xx_HAL_Driver/Src/stm32f4xx_hal_flash.o
 .text.FLASH_Program_HalfWord
                0x0000000008001fa0       0x48 Drivers/STM32F4xx_HAL_Driver/Src/stm32f4xx_hal_flash.o
 .text.FLASH_Program_Byte
                0x0000000008001fe8       0x44 Drivers/STM32F4xx_HAL_Driver/Src/stm32f4xx_hal_flash.o
 .text.FLASH_SetErrorCode
                0x000000000800202c       0xac Drivers/STM32F4xx_HAL_Driver/Src/stm32f4xx_hal_flash.o
 .text.HAL_FLASHEx_Erase
                0x00000000080020d8       0xe0 Drivers/STM32F4xx_HAL_Driver/Src/stm32f4xx_hal_flash_ex.o
                0x00000000080020d8                HAL_FLASHEx_Erase
 .text.HAL_FLASHEx_OBProgram
                0x00000000080021b8       0xdc Drivers/STM32F4xx_HAL_Driver/Src/stm32f4xx_hal_flash_ex.o
                0x00000000080021b8                HAL_FLASHEx_OBProgram
 .text.HAL_FLASHEx_OBGetConfig
                0x0000000008002294       0x46 Drivers/STM32F4xx_HAL_Driver/Src/stm32f4xx_hal_flash_ex.o
                0x0000000008002294                HAL_FLASHEx_OBGetConfig
 *fill*         0x00000000080022da        0x2 
 .text.FLASH_MassErase
                0x00000000080022dc       0x48 Drivers/STM32F4xx_HAL_Driver/Src/stm32f4xx_hal_flash_ex.o
 .text.FLASH_Erase_Sector
                0x0000000008002324       0x90 Drivers/STM32F4xx_HAL_Driver/Src/stm32f4xx_hal_flash_ex.o
                0x0000000008002324                FLASH_Erase_Sector
 .text.FLASH_OB_EnableWRP
                0x00000000080023b4       0x44 Drivers/STM32F4xx_HAL_Driver/Src/stm32f4xx_hal_flash_ex.o
 .text.FLASH_OB_DisableWRP
                0x00000000080023f8       0x40 Drivers/STM32F4xx_HAL_Driver/Src/stm32f4xx_hal_flash_ex.o
 .text.FLASH_OB_RDP_LevelConfig
                0x0000000008002438       0x34 Drivers/STM32F4xx_HAL_Driver/Src/stm32f4xx_hal_flash_ex.o
 .text.FLASH_OB_UserConfig
                0x000000000800246c       0x60 Drivers/STM32F4xx_HAL_Driver/Src/stm32f4xx_hal_flash_ex.o
 .text.FLASH_OB_BOR_LevelConfig
                0x00000000080024cc       0x3c Drivers/STM32F4xx_HAL_Driver/Src/stm32f4xx_hal_flash_ex.o
 .text.FLASH_OB_GetUser
                0x0000000008002508       0x20 Drivers/STM32F4xx_HAL_Driver/Src/stm32f4xx_hal_flash_ex.o
 .text.FLASH_OB_GetWRP
                0x0000000008002528       0x18 Drivers/STM32F4xx_HAL_Driver/Src/stm32f4xx_hal_flash_ex.o
 .text.FLASH_OB_GetRDP
                0x0000000008002540       0x40 Drivers/STM32F4xx_HAL_Driver/Src/stm32f4xx_hal_flash_ex.o
 .text.FLASH_OB_GetBOR
                0x0000000008002580       0x20 Drivers/STM32F4xx_HAL_Driver/Src/stm32f4xx_hal_flash_ex.o
 .text.FLASH_FlushCaches
                0x00000000080025a0       0x8c Drivers/STM32F4xx_HAL_Driver/Src/stm32f4xx_hal_flash_ex.o
                0x00000000080025a0                FLASH_FlushCaches
 .text.HAL_GPIO_Init
                0x000000000800262c      0x334 Drivers/STM32F4xx_HAL_Driver/Src/stm32f4xx_hal_gpio.o
                0x000000000800262c                HAL_GPIO_Init
 .text.HAL_GPIO_ReadPin
                0x0000000008002960       0x30 Drivers/STM32F4xx_HAL_Driver/Src/stm32f4xx_hal_gpio.o
                0x0000000008002960                HAL_GPIO_ReadPin
 .text.HAL_RCC_OscConfig
                0x0000000008002990      0x4e0 Drivers/STM32F4xx_HAL_Driver/Src/stm32f4xx_hal_rcc.o
                0x0000000008002990                HAL_RCC_OscConfig
 .text.HAL_RCC_ClockConfig
                0x0000000008002e70      0x1cc Drivers/STM32F4xx_HAL_Driver/Src/stm32f4xx_hal_rcc.o
                0x0000000008002e70                HAL_RCC_ClockConfig
 .text.HAL_RCC_GetSysClockFreq
                0x000000000800303c      0x164 Drivers/STM32F4xx_HAL_Driver/Src/stm32f4xx_hal_rcc.o
                0x000000000800303c                HAL_RCC_GetSysClockFreq
 .text.HAL_RCC_GetHCLKFreq
                0x00000000080031a0       0x18 Drivers/STM32F4xx_HAL_Driver/Src/stm32f4xx_hal_rcc.o
                0x00000000080031a0                HAL_RCC_GetHCLKFreq
 .text.HAL_RCC_GetPCLK1Freq
                0x00000000080031b8       0x28 Drivers/STM32F4xx_HAL_Driver/Src/stm32f4xx_hal_rcc.o
                0x00000000080031b8                HAL_RCC_GetPCLK1Freq
 .text.HAL_RCC_GetPCLK2Freq
                0x00000000080031e0       0x28 Drivers/STM32F4xx_HAL_Driver/Src/stm32f4xx_hal_rcc.o
                0x00000000080031e0                HAL_RCC_GetPCLK2Freq
 .text.HAL_UART_Init
                0x0000000008003208       0x9a Drivers/STM32F4xx_HAL_Driver/Src/stm32f4xx_hal_uart.o
                0x0000000008003208                HAL_UART_Init
 .text.HAL_UART_Transmit
                0x00000000080032a2      0x132 Drivers/STM32F4xx_HAL_Driver/Src/stm32f4xx_hal_uart.o
                0x00000000080032a2                HAL_UART_Transmit
 .text.HAL_UART_Receive
                0x00000000080033d4      0x14c Drivers/STM32F4xx_HAL_Driver/Src/stm32f4xx_hal_uart.o
                0x00000000080033d4                HAL_UART_Receive
 .text.UART_WaitOnFlagUntilTimeout
                0x0000000008003520       0x94 Drivers/STM32F4xx_HAL_Driver/Src/stm32f4xx_hal_uart.o
 .text.UART_SetConfig
                0x00000000080035b4      0x6f8 Drivers/STM32F4xx_HAL_Driver/Src/stm32f4xx_hal_uart.o
 .text.__libc_init_array
                0x0000000008003cac       0x48 c:/st/stm32cubeide_1.1.0/stm32cubeide/plugins/com.st.stm32cube.ide.mcu.externaltools.gnu-tools-for-stm32.7-2018-q2-update.win32_1.0.0.201904181610/tools/bin/../lib/gcc/arm-none-eabi/7.3.1/../../../../arm-none-eabi/lib/thumb/v7e-m/fpv4-sp/hard\libc_nano.a(lib_a-init.o)
                0x0000000008003cac                __libc_init_array
 .text.memset   0x0000000008003cf4       0x10 c:/st/stm32cubeide_1.1.0/stm32cubeide/plugins/com.st.stm32cube.ide.mcu.externaltools.gnu-tools-for-stm32.7-2018-q2-update.win32_1.0.0.201904181610/tools/bin/../lib/gcc/arm-none-eabi/7.3.1/../../../../arm-none-eabi/lib/thumb/v7e-m/fpv4-sp/hard\libc_nano.a(lib_a-memset.o)
                0x0000000008003cf4                memset
 *(.glue_7)
 .glue_7        0x0000000008003d04        0x0 linker stubs
 *(.glue_7t)
 .glue_7t       0x0000000008003d04        0x0 linker stubs
 *(.eh_frame)
 .eh_frame      0x0000000008003d04        0x0 c:/st/stm32cubeide_1.1.0/stm32cubeide/plugins/com.st.stm32cube.ide.mcu.externaltools.gnu-tools-for-stm32.7-2018-q2-update.win32_1.0.0.201904181610/tools/bin/../lib/gcc/arm-none-eabi/7.3.1/thumb/v7e-m/fpv4-sp/hard/crtbegin.o
 *(.init)
 .init          0x0000000008003d04        0x4 c:/st/stm32cubeide_1.1.0/stm32cubeide/plugins/com.st.stm32cube.ide.mcu.externaltools.gnu-tools-for-stm32.7-2018-q2-update.win32_1.0.0.201904181610/tools/bin/../lib/gcc/arm-none-eabi/7.3.1/thumb/v7e-m/fpv4-sp/hard/crti.o
                0x0000000008003d04                _init
 .init          0x0000000008003d08        0x8 c:/st/stm32cubeide_1.1.0/stm32cubeide/plugins/com.st.stm32cube.ide.mcu.externaltools.gnu-tools-for-stm32.7-2018-q2-update.win32_1.0.0.201904181610/tools/bin/../lib/gcc/arm-none-eabi/7.3.1/thumb/v7e-m/fpv4-sp/hard/crtn.o
 *(.fini)
 .fini          0x0000000008003d10        0x4 c:/st/stm32cubeide_1.1.0/stm32cubeide/plugins/com.st.stm32cube.ide.mcu.externaltools.gnu-tools-for-stm32.7-2018-q2-update.win32_1.0.0.201904181610/tools/bin/../lib/gcc/arm-none-eabi/7.3.1/thumb/v7e-m/fpv4-sp/hard/crti.o
                0x0000000008003d10                _fini
 .fini          0x0000000008003d14        0x8 c:/st/stm32cubeide_1.1.0/stm32cubeide/plugins/com.st.stm32cube.ide.mcu.externaltools.gnu-tools-for-stm32.7-2018-q2-update.win32_1.0.0.201904181610/tools/bin/../lib/gcc/arm-none-eabi/7.3.1/thumb/v7e-m/fpv4-sp/hard/crtn.o
                0x0000000008003d1c                . = ALIGN (0x4)
                0x0000000008003d1c                _etext = .

.vfp11_veneer   0x0000000008003d1c        0x0
 .vfp11_veneer  0x0000000008003d1c        0x0 linker stubs

.v4_bx          0x0000000008003d1c        0x0
 .v4_bx         0x0000000008003d1c        0x0 linker stubs

.iplt           0x0000000008003d1c        0x0
 .iplt          0x0000000008003d1c        0x0 c:/st/stm32cubeide_1.1.0/stm32cubeide/plugins/com.st.stm32cube.ide.mcu.externaltools.gnu-tools-for-stm32.7-2018-q2-update.win32_1.0.0.201904181610/tools/bin/../lib/gcc/arm-none-eabi/7.3.1/thumb/v7e-m/fpv4-sp/hard/crtbegin.o

.rodata         0x0000000008003d1c      0x650
                0x0000000008003d1c                . = ALIGN (0x4)
 *(.rodata)
 .rodata        0x0000000008003d1c      0x637 Core/Src/menu.o
 *(.rodata*)
 *fill*         0x0000000008004353        0x1 
 .rodata.AHBPrescTable
                0x0000000008004354       0x10 Core/Src/system_stm32f4xx.o
                0x0000000008004354                AHBPrescTable
 .rodata.APBPrescTable
                0x0000000008004364        0x8 Core/Src/system_stm32f4xx.o
                0x0000000008004364                APBPrescTable
                0x000000000800436c                . = ALIGN (0x4)

.ARM.extab      0x000000000800436c        0x0
                0x000000000800436c                . = ALIGN (0x4)
 *(.ARM.extab* .gnu.linkonce.armextab.*)
                0x000000000800436c                . = ALIGN (0x4)

.ARM            0x000000000800436c        0x8
                0x000000000800436c                . = ALIGN (0x4)
                0x000000000800436c                __exidx_start = .
 *(.ARM.exidx*)
 .ARM.exidx     0x000000000800436c        0x8 c:/st/stm32cubeide_1.1.0/stm32cubeide/plugins/com.st.stm32cube.ide.mcu.externaltools.gnu-tools-for-stm32.7-2018-q2-update.win32_1.0.0.201904181610/tools/bin/../lib/gcc/arm-none-eabi/7.3.1/thumb/v7e-m/fpv4-sp/hard\libgcc.a(_udivmoddi4.o)
                0x0000000008004374                __exidx_end = .
                0x0000000008004374                . = ALIGN (0x4)

.rel.dyn        0x0000000008004374        0x0
 .rel.iplt      0x0000000008004374        0x0 c:/st/stm32cubeide_1.1.0/stm32cubeide/plugins/com.st.stm32cube.ide.mcu.externaltools.gnu-tools-for-stm32.7-2018-q2-update.win32_1.0.0.201904181610/tools/bin/../lib/gcc/arm-none-eabi/7.3.1/thumb/v7e-m/fpv4-sp/hard/crtbegin.o

.preinit_array  0x0000000008004374        0x0
                0x0000000008004374                . = ALIGN (0x4)
                0x0000000008004374                PROVIDE (__preinit_array_start = .)
 *(.preinit_array*)
                0x0000000008004374                PROVIDE (__preinit_array_end = .)
                0x0000000008004374                . = ALIGN (0x4)

.init_array     0x0000000008004374        0x4
                0x0000000008004374                . = ALIGN (0x4)
                0x0000000008004374                PROVIDE (__init_array_start = .)
 *(SORT_BY_NAME(.init_array.*))
 *(.init_array*)
 .init_array    0x0000000008004374        0x4 c:/st/stm32cubeide_1.1.0/stm32cubeide/plugins/com.st.stm32cube.ide.mcu.externaltools.gnu-tools-for-stm32.7-2018-q2-update.win32_1.0.0.201904181610/tools/bin/../lib/gcc/arm-none-eabi/7.3.1/thumb/v7e-m/fpv4-sp/hard/crtbegin.o
                0x0000000008004378                PROVIDE (__init_array_end = .)
                0x0000000008004378                . = ALIGN (0x4)

.fini_array     0x0000000008004378        0x4
                0x0000000008004378                . = ALIGN (0x4)
                [!provide]                        PROVIDE (__fini_array_start = .)
 *(SORT_BY_NAME(.fini_array.*))
 *(.fini_array*)
 .fini_array    0x0000000008004378        0x4 c:/st/stm32cubeide_1.1.0/stm32cubeide/plugins/com.st.stm32cube.ide.mcu.externaltools.gnu-tools-for-stm32.7-2018-q2-update.win32_1.0.0.201904181610/tools/bin/../lib/gcc/arm-none-eabi/7.3.1/thumb/v7e-m/fpv4-sp/hard/crtbegin.o
                [!provide]                        PROVIDE (__fini_array_end = .)
                0x000000000800437c                . = ALIGN (0x4)
                0x000000000800437c                _sidata = LOADADDR (.data)

.data           0x0000000020000000        0xc load address 0x000000000800437c
                0x0000000020000000                . = ALIGN (0x4)
                0x0000000020000000                _sdata = .
 *(.data)
 *(.data*)
 .data.SystemCoreClock
                0x0000000020000000        0x4 Core/Src/system_stm32f4xx.o
                0x0000000020000000                SystemCoreClock
 .data.uwTickPrio
                0x0000000020000004        0x4 Drivers/STM32F4xx_HAL_Driver/Src/stm32f4xx_hal.o
                0x0000000020000004                uwTickPrio
 .data.uwTickFreq
                0x0000000020000008        0x1 Drivers/STM32F4xx_HAL_Driver/Src/stm32f4xx_hal.o
                0x0000000020000008                uwTickFreq
                0x000000002000000c                . = ALIGN (0x4)
 *fill*         0x0000000020000009        0x3 
                0x000000002000000c                _edata = .

.igot.plt       0x000000002000000c        0x0 load address 0x0000000008004388
 .igot.plt      0x000000002000000c        0x0 c:/st/stm32cubeide_1.1.0/stm32cubeide/plugins/com.st.stm32cube.ide.mcu.externaltools.gnu-tools-for-stm32.7-2018-q2-update.win32_1.0.0.201904181610/tools/bin/../lib/gcc/arm-none-eabi/7.3.1/thumb/v7e-m/fpv4-sp/hard/crtbegin.o
                0x000000002000000c                . = ALIGN (0x4)

.bss            0x000000002000000c      0x4d8 load address 0x0000000008004388
                0x000000002000000c                _sbss = .
                0x000000002000000c                __bss_start__ = _sbss
 *(.bss)
 .bss           0x000000002000000c       0x1c c:/st/stm32cubeide_1.1.0/stm32cubeide/plugins/com.st.stm32cube.ide.mcu.externaltools.gnu-tools-for-stm32.7-2018-q2-update.win32_1.0.0.201904181610/tools/bin/../lib/gcc/arm-none-eabi/7.3.1/thumb/v7e-m/fpv4-sp/hard/crtbegin.o
 *(.bss*)
 .bss.FlashProtection
                0x0000000020000028        0x4 Core/Src/menu.o
                0x0000000020000028                FlashProtection
 *(COMMON)
 COMMON         0x000000002000002c       0x40 Core/Src/main.o
                0x000000002000002c                huart1
 COMMON         0x000000002000006c       0x48 Core/Src/menu.o
                0x000000002000006c                JumpAddress
                0x0000000020000070                JumpToApplication
                0x0000000020000074                aFileName
 COMMON         0x00000000200000b4      0x40c Core/Src/ymodem.o
                0x00000000200000b4                aPacketData
                0x00000000200004bc                flashdestination
 COMMON         0x00000000200004c0        0x4 Drivers/STM32F4xx_HAL_Driver/Src/stm32f4xx_hal.o
                0x00000000200004c0                uwTick
 COMMON         0x00000000200004c4       0x20 Drivers/STM32F4xx_HAL_Driver/Src/stm32f4xx_hal_flash.o
                0x00000000200004c4                pFlash
                0x00000000200004e4                . = ALIGN (0x4)
                0x00000000200004e4                _ebss = .
                0x00000000200004e4                __bss_end__ = _ebss

._user_heap_stack
                0x00000000200004e4      0x604 load address 0x0000000008004388
                0x00000000200004e8                . = ALIGN (0x8)
 *fill*         0x00000000200004e4        0x4 
                0x00000000200004e8                PROVIDE (end = .)
                [!provide]                        PROVIDE (_end = .)
                0x00000000200006e8                . = (. + _Min_Heap_Size)
 *fill*         0x00000000200004e8      0x200 
                0x0000000020000ae8                . = (. + _Min_Stack_Size)
 *fill*         0x00000000200006e8      0x400 
                0x0000000020000ae8                . = ALIGN (0x8)

/DISCARD/
 libc.a(*)
 libm.a(*)
 libgcc.a(*)

.ARM.attributes
                0x0000000000000000       0x30
 *(.ARM.attributes)
 .ARM.attributes
                0x0000000000000000       0x22 c:/st/stm32cubeide_1.1.0/stm32cubeide/plugins/com.st.stm32cube.ide.mcu.externaltools.gnu-tools-for-stm32.7-2018-q2-update.win32_1.0.0.201904181610/tools/bin/../lib/gcc/arm-none-eabi/7.3.1/thumb/v7e-m/fpv4-sp/hard/crti.o
 .ARM.attributes
                0x0000000000000022       0x34 c:/st/stm32cubeide_1.1.0/stm32cubeide/plugins/com.st.stm32cube.ide.mcu.externaltools.gnu-tools-for-stm32.7-2018-q2-update.win32_1.0.0.201904181610/tools/bin/../lib/gcc/arm-none-eabi/7.3.1/thumb/v7e-m/fpv4-sp/hard/crtbegin.o
 .ARM.attributes
                0x0000000000000056       0x39 Core/Src/common.o
 .ARM.attributes
                0x000000000000008f       0x39 Core/Src/flash_if.o
 .ARM.attributes
                0x00000000000000c8       0x39 Core/Src/main.o
 .ARM.attributes
                0x0000000000000101       0x39 Core/Src/menu.o
 .ARM.attributes
                0x000000000000013a       0x39 Core/Src/stm32f4xx_hal_msp.o
 .ARM.attributes
                0x0000000000000173       0x39 Core/Src/stm32f4xx_it.o
 .ARM.attributes
                0x00000000000001ac       0x39 Core/Src/system_stm32f4xx.o
 .ARM.attributes
                0x00000000000001e5       0x39 Core/Src/ymodem.o
 .ARM.attributes
                0x000000000000021e       0x21 Core/Startup/startup_stm32f407vgtx.o
 .ARM.attributes
                0x000000000000023f       0x39 Drivers/STM32F4xx_HAL_Driver/Src/stm32f4xx_hal.o
 .ARM.attributes
                0x0000000000000278       0x39 Drivers/STM32F4xx_HAL_Driver/Src/stm32f4xx_hal_cortex.o
 .ARM.attributes
                0x00000000000002b1       0x39 Drivers/STM32F4xx_HAL_Driver/Src/stm32f4xx_hal_flash.o
 .ARM.attributes
                0x00000000000002ea       0x39 Drivers/STM32F4xx_HAL_Driver/Src/stm32f4xx_hal_flash_ex.o
 .ARM.attributes
                0x0000000000000323       0x39 Drivers/STM32F4xx_HAL_Driver/Src/stm32f4xx_hal_gpio.o
 .ARM.attributes
                0x000000000000035c       0x39 Drivers/STM32F4xx_HAL_Driver/Src/stm32f4xx_hal_rcc.o
 .ARM.attributes
                0x0000000000000395       0x39 Drivers/STM32F4xx_HAL_Driver/Src/stm32f4xx_hal_uart.o
 .ARM.attributes
                0x00000000000003ce       0x34 c:/st/stm32cubeide_1.1.0/stm32cubeide/plugins/com.st.stm32cube.ide.mcu.externaltools.gnu-tools-for-stm32.7-2018-q2-update.win32_1.0.0.201904181610/tools/bin/../lib/gcc/arm-none-eabi/7.3.1/../../../../arm-none-eabi/lib/thumb/v7e-m/fpv4-sp/hard\libc_nano.a(lib_a-init.o)
 .ARM.attributes
                0x0000000000000402       0x34 c:/st/stm32cubeide_1.1.0/stm32cubeide/plugins/com.st.stm32cube.ide.mcu.externaltools.gnu-tools-for-stm32.7-2018-q2-update.win32_1.0.0.201904181610/tools/bin/../lib/gcc/arm-none-eabi/7.3.1/../../../../arm-none-eabi/lib/thumb/v7e-m/fpv4-sp/hard\libc_nano.a(lib_a-memset.o)
 .ARM.attributes
                0x0000000000000436       0x22 c:/st/stm32cubeide_1.1.0/stm32cubeide/plugins/com.st.stm32cube.ide.mcu.externaltools.gnu-tools-for-stm32.7-2018-q2-update.win32_1.0.0.201904181610/tools/bin/../lib/gcc/arm-none-eabi/7.3.1/thumb/v7e-m/fpv4-sp/hard\libgcc.a(_aeabi_uldivmod.o)
 .ARM.attributes
                0x0000000000000458       0x34 c:/st/stm32cubeide_1.1.0/stm32cubeide/plugins/com.st.stm32cube.ide.mcu.externaltools.gnu-tools-for-stm32.7-2018-q2-update.win32_1.0.0.201904181610/tools/bin/../lib/gcc/arm-none-eabi/7.3.1/thumb/v7e-m/fpv4-sp/hard\libgcc.a(_udivmoddi4.o)
 .ARM.attributes
                0x000000000000048c       0x22 c:/st/stm32cubeide_1.1.0/stm32cubeide/plugins/com.st.stm32cube.ide.mcu.externaltools.gnu-tools-for-stm32.7-2018-q2-update.win32_1.0.0.201904181610/tools/bin/../lib/gcc/arm-none-eabi/7.3.1/thumb/v7e-m/fpv4-sp/hard\libgcc.a(_dvmd_tls.o)
 .ARM.attributes
                0x00000000000004ae       0x22 c:/st/stm32cubeide_1.1.0/stm32cubeide/plugins/com.st.stm32cube.ide.mcu.externaltools.gnu-tools-for-stm32.7-2018-q2-update.win32_1.0.0.201904181610/tools/bin/../lib/gcc/arm-none-eabi/7.3.1/thumb/v7e-m/fpv4-sp/hard/crtn.o
OUTPUT(STM32F4_HAL_IAP.elf elf32-littlearm)

.debug_info     0x0000000000000000     0x8ed4
 .debug_info    0x0000000000000000      0x72e Core/Src/common.o
 .debug_info    0x000000000000072e      0x906 Core/Src/flash_if.o
 .debug_info    0x0000000000001034      0xb5d Core/Src/main.o
 .debug_info    0x0000000000001b91      0x797 Core/Src/menu.o
 .debug_info    0x0000000000002328      0x941 Core/Src/stm32f4xx_hal_msp.o
 .debug_info    0x0000000000002c69      0x20a Core/Src/stm32f4xx_it.o
 .debug_info    0x0000000000002e73      0x554 Core/Src/system_stm32f4xx.o
 .debug_info    0x00000000000033c7     0x1336 Core/Src/ymodem.o
 .debug_info    0x00000000000046fd       0x22 Core/Startup/startup_stm32f407vgtx.o
 .debug_info    0x000000000000471f      0x945 Drivers/STM32F4xx_HAL_Driver/Src/stm32f4xx_hal.o
 .debug_info    0x0000000000005064      0xe28 Drivers/STM32F4xx_HAL_Driver/Src/stm32f4xx_hal_cortex.o
 .debug_info    0x0000000000005e8c      0x622 Drivers/STM32F4xx_HAL_Driver/Src/stm32f4xx_hal_flash.o
 .debug_info    0x00000000000064ae      0x721 Drivers/STM32F4xx_HAL_Driver/Src/stm32f4xx_hal_flash_ex.o
 .debug_info    0x0000000000006bcf      0x7b5 Drivers/STM32F4xx_HAL_Driver/Src/stm32f4xx_hal_gpio.o
 .debug_info    0x0000000000007384      0x904 Drivers/STM32F4xx_HAL_Driver/Src/stm32f4xx_hal_rcc.o
 .debug_info    0x0000000000007c88     0x124c Drivers/STM32F4xx_HAL_Driver/Src/stm32f4xx_hal_uart.o

.debug_abbrev   0x0000000000000000     0x1cb2
 .debug_abbrev  0x0000000000000000      0x1b0 Core/Src/common.o
 .debug_abbrev  0x00000000000001b0      0x194 Core/Src/flash_if.o
 .debug_abbrev  0x0000000000000344      0x222 Core/Src/main.o
 .debug_abbrev  0x0000000000000566      0x1aa Core/Src/menu.o
 .debug_abbrev  0x0000000000000710      0x18c Core/Src/stm32f4xx_hal_msp.o
 .debug_abbrev  0x000000000000089c       0xc6 Core/Src/stm32f4xx_it.o
 .debug_abbrev  0x0000000000000962      0x12b Core/Src/system_stm32f4xx.o
 .debug_abbrev  0x0000000000000a8d      0x29a Core/Src/ymodem.o
 .debug_abbrev  0x0000000000000d27       0x12 Core/Startup/startup_stm32f407vgtx.o
 .debug_abbrev  0x0000000000000d39      0x1c7 Drivers/STM32F4xx_HAL_Driver/Src/stm32f4xx_hal.o
 .debug_abbrev  0x0000000000000f00      0x2fa Drivers/STM32F4xx_HAL_Driver/Src/stm32f4xx_hal_cortex.o
 .debug_abbrev  0x00000000000011fa      0x248 Drivers/STM32F4xx_HAL_Driver/Src/stm32f4xx_hal_flash.o
 .debug_abbrev  0x0000000000001442      0x220 Drivers/STM32F4xx_HAL_Driver/Src/stm32f4xx_hal_flash_ex.o
 .debug_abbrev  0x0000000000001662      0x1c9 Drivers/STM32F4xx_HAL_Driver/Src/stm32f4xx_hal_gpio.o
 .debug_abbrev  0x000000000000182b      0x245 Drivers/STM32F4xx_HAL_Driver/Src/stm32f4xx_hal_rcc.o
 .debug_abbrev  0x0000000000001a70      0x242 Drivers/STM32F4xx_HAL_Driver/Src/stm32f4xx_hal_uart.o

.debug_aranges  0x0000000000000000      0x818
 .debug_aranges
                0x0000000000000000       0x38 Core/Src/common.o
 .debug_aranges
                0x0000000000000038       0x48 Core/Src/flash_if.o
 .debug_aranges
                0x0000000000000080       0x40 Core/Src/main.o
 .debug_aranges
                0x00000000000000c0       0x30 Core/Src/menu.o
 .debug_aranges
                0x00000000000000f0       0x30 Core/Src/stm32f4xx_hal_msp.o
 .debug_aranges
                0x0000000000000120       0x60 Core/Src/stm32f4xx_it.o
 .debug_aranges
                0x0000000000000180       0x28 Core/Src/system_stm32f4xx.o
 .debug_aranges
                0x00000000000001a8       0x58 Core/Src/ymodem.o
 .debug_aranges
                0x0000000000000200       0x28 Core/Startup/startup_stm32f407vgtx.o
 .debug_aranges
                0x0000000000000228       0xf0 Drivers/STM32F4xx_HAL_Driver/Src/stm32f4xx_hal.o
 .debug_aranges
                0x0000000000000318      0x118 Drivers/STM32F4xx_HAL_Driver/Src/stm32f4xx_hal_cortex.o
 .debug_aranges
                0x0000000000000430       0xa0 Drivers/STM32F4xx_HAL_Driver/Src/stm32f4xx_hal_flash.o
 .debug_aranges
                0x00000000000004d0       0x98 Drivers/STM32F4xx_HAL_Driver/Src/stm32f4xx_hal_flash_ex.o
 .debug_aranges
                0x0000000000000568       0x58 Drivers/STM32F4xx_HAL_Driver/Src/stm32f4xx_hal_gpio.o
 .debug_aranges
                0x00000000000005c0       0x88 Drivers/STM32F4xx_HAL_Driver/Src/stm32f4xx_hal_rcc.o
 .debug_aranges
                0x0000000000000648      0x1d0 Drivers/STM32F4xx_HAL_Driver/Src/stm32f4xx_hal_uart.o

.debug_ranges   0x0000000000000000      0x720
 .debug_ranges  0x0000000000000000       0x28 Core/Src/common.o
 .debug_ranges  0x0000000000000028       0x38 Core/Src/flash_if.o
 .debug_ranges  0x0000000000000060       0x30 Core/Src/main.o
 .debug_ranges  0x0000000000000090       0x20 Core/Src/menu.o
 .debug_ranges  0x00000000000000b0       0x20 Core/Src/stm32f4xx_hal_msp.o
 .debug_ranges  0x00000000000000d0       0x50 Core/Src/stm32f4xx_it.o
 .debug_ranges  0x0000000000000120       0x18 Core/Src/system_stm32f4xx.o
 .debug_ranges  0x0000000000000138       0x48 Core/Src/ymodem.o
 .debug_ranges  0x0000000000000180       0x20 Core/Startup/startup_stm32f407vgtx.o
 .debug_ranges  0x00000000000001a0       0xe0 Drivers/STM32F4xx_HAL_Driver/Src/stm32f4xx_hal.o
 .debug_ranges  0x0000000000000280      0x108 Drivers/STM32F4xx_HAL_Driver/Src/stm32f4xx_hal_cortex.o
 .debug_ranges  0x0000000000000388       0x90 Drivers/STM32F4xx_HAL_Driver/Src/stm32f4xx_hal_flash.o
 .debug_ranges  0x0000000000000418       0x88 Drivers/STM32F4xx_HAL_Driver/Src/stm32f4xx_hal_flash_ex.o
 .debug_ranges  0x00000000000004a0       0x48 Drivers/STM32F4xx_HAL_Driver/Src/stm32f4xx_hal_gpio.o
 .debug_ranges  0x00000000000004e8       0x78 Drivers/STM32F4xx_HAL_Driver/Src/stm32f4xx_hal_rcc.o
 .debug_ranges  0x0000000000000560      0x1c0 Drivers/STM32F4xx_HAL_Driver/Src/stm32f4xx_hal_uart.o

.debug_macro    0x0000000000000000    0x20142
 .debug_macro   0x0000000000000000      0x1d9 Core/Src/common.o
 .debug_macro   0x00000000000001d9      0xa5a Core/Src/common.o
 .debug_macro   0x0000000000000c33       0x32 Core/Src/common.o
 .debug_macro   0x0000000000000c65       0x2f Core/Src/common.o
 .debug_macro   0x0000000000000c94       0x22 Core/Src/common.o
 .debug_macro   0x0000000000000cb6       0x8e Core/Src/common.o
 .debug_macro   0x0000000000000d44       0x51 Core/Src/common.o
 .debug_macro   0x0000000000000d95       0xef Core/Src/common.o
 .debug_macro   0x0000000000000e84       0x6a Core/Src/common.o
 .debug_macro   0x0000000000000eee      0x1df Core/Src/common.o
 .debug_macro   0x00000000000010cd       0x1c Core/Src/common.o
 .debug_macro   0x00000000000010e9       0x22 Core/Src/common.o
 .debug_macro   0x000000000000110b       0xdf Core/Src/common.o
 .debug_macro   0x00000000000011ea     0x102d Core/Src/common.o
 .debug_macro   0x0000000000002217      0x11f Core/Src/common.o
 .debug_macro   0x0000000000002336    0x15e3c Core/Src/common.o
 .debug_macro   0x0000000000018172       0x43 Core/Src/common.o
 .debug_macro   0x00000000000181b5      0x184 Core/Src/common.o
 .debug_macro   0x0000000000018339     0x3652 Core/Src/common.o
 .debug_macro   0x000000000001b98b      0x174 Core/Src/common.o
 .debug_macro   0x000000000001baff       0x5a Core/Src/common.o
 .debug_macro   0x000000000001bb59      0x96b Core/Src/common.o
 .debug_macro   0x000000000001c4c4      0x9fe Core/Src/common.o
 .debug_macro   0x000000000001cec2      0x174 Core/Src/common.o
 .debug_macro   0x000000000001d036      0x117 Core/Src/common.o
 .debug_macro   0x000000000001d14d      0x13e Core/Src/common.o
 .debug_macro   0x000000000001d28b       0x27 Core/Src/common.o
 .debug_macro   0x000000000001d2b2      0x287 Core/Src/common.o
 .debug_macro   0x000000000001d539       0x5f Core/Src/common.o
 .debug_macro   0x000000000001d598      0x236 Core/Src/common.o
 .debug_macro   0x000000000001d7ce      0x12c Core/Src/common.o
 .debug_macro   0x000000000001d8fa      0x21e Core/Src/common.o
 .debug_macro   0x000000000001db18       0x2e Core/Src/common.o
 .debug_macro   0x000000000001db46      0x11a Core/Src/common.o
 .debug_macro   0x000000000001dc60       0x7e Core/Src/common.o
 .debug_macro   0x000000000001dcde       0x89 Core/Src/common.o
 .debug_macro   0x000000000001dd67      0x287 Core/Src/common.o
 .debug_macro   0x000000000001dfee      0x12d Core/Src/common.o
 .debug_macro   0x000000000001e11b       0x40 Core/Src/common.o
 .debug_macro   0x000000000001e15b      0x1cf Core/Src/flash_if.o
 .debug_macro   0x000000000001e32a       0x64 Core/Src/flash_if.o
 .debug_macro   0x000000000001e38e      0x1e0 Core/Src/main.o
 .debug_macro   0x000000000001e56e       0x6a Core/Src/main.o
 .debug_macro   0x000000000001e5d8       0x9a Core/Src/main.o
 .debug_macro   0x000000000001e672      0x1f7 Core/Src/menu.o
 .debug_macro   0x000000000001e869       0x46 Core/Src/menu.o
 .debug_macro   0x000000000001e8af      0x1c4 Core/Src/stm32f4xx_hal_msp.o
 .debug_macro   0x000000000001ea73      0x1ce Core/Src/stm32f4xx_it.o
 .debug_macro   0x000000000001ec41      0x1c0 Core/Src/system_stm32f4xx.o
 .debug_macro   0x000000000001ee01      0x2c4 Core/Src/ymodem.o
 .debug_macro   0x000000000001f0c5       0x46 Core/Src/ymodem.o
 .debug_macro   0x000000000001f10b      0x32a Core/Src/ymodem.o
 .debug_macro   0x000000000001f435       0x10 Core/Src/ymodem.o
 .debug_macro   0x000000000001f445       0x20 Core/Src/ymodem.o
 .debug_macro   0x000000000001f465      0x21a Drivers/STM32F4xx_HAL_Driver/Src/stm32f4xx_hal.o
 .debug_macro   0x000000000001f67f      0x1ba Drivers/STM32F4xx_HAL_Driver/Src/stm32f4xx_hal_cortex.o
 .debug_macro   0x000000000001f839      0x1c0 Drivers/STM32F4xx_HAL_Driver/Src/stm32f4xx_hal_flash.o
 .debug_macro   0x000000000001f9f9      0x1c0 Drivers/STM32F4xx_HAL_Driver/Src/stm32f4xx_hal_flash_ex.o
 .debug_macro   0x000000000001fbb9      0x1f0 Drivers/STM32F4xx_HAL_Driver/Src/stm32f4xx_hal_gpio.o
 .debug_macro   0x000000000001fda9      0x1de Drivers/STM32F4xx_HAL_Driver/Src/stm32f4xx_hal_rcc.o
 .debug_macro   0x000000000001ff87      0x1bb Drivers/STM32F4xx_HAL_Driver/Src/stm32f4xx_hal_uart.o

.debug_line     0x0000000000000000     0x8142
 .debug_line    0x0000000000000000      0x78b Core/Src/common.o
 .debug_line    0x000000000000078b      0x789 Core/Src/flash_if.o
 .debug_line    0x0000000000000f14      0x72e Core/Src/main.o
 .debug_line    0x0000000000001642      0x746 Core/Src/menu.o
 .debug_line    0x0000000000001d88      0x6bf Core/Src/stm32f4xx_hal_msp.o
 .debug_line    0x0000000000002447      0x734 Core/Src/stm32f4xx_it.o
 .debug_line    0x0000000000002b7b      0x6ab Core/Src/system_stm32f4xx.o
 .debug_line    0x0000000000003226      0xa62 Core/Src/ymodem.o
 .debug_line    0x0000000000003c88       0x86 Core/Startup/startup_stm32f407vgtx.o
 .debug_line    0x0000000000003d0e      0x895 Drivers/STM32F4xx_HAL_Driver/Src/stm32f4xx_hal.o
 .debug_line    0x00000000000045a3      0x9b9 Drivers/STM32F4xx_HAL_Driver/Src/stm32f4xx_hal_cortex.o
 .debug_line    0x0000000000004f5c      0x87b Drivers/STM32F4xx_HAL_Driver/Src/stm32f4xx_hal_flash.o
 .debug_line    0x00000000000057d7      0x867 Drivers/STM32F4xx_HAL_Driver/Src/stm32f4xx_hal_flash_ex.o
 .debug_line    0x000000000000603e      0x874 Drivers/STM32F4xx_HAL_Driver/Src/stm32f4xx_hal_gpio.o
 .debug_line    0x00000000000068b2      0x8ed Drivers/STM32F4xx_HAL_Driver/Src/stm32f4xx_hal_rcc.o
 .debug_line    0x000000000000719f      0xfa3 Drivers/STM32F4xx_HAL_Driver/Src/stm32f4xx_hal_uart.o

.debug_str      0x0000000000000000    0xc174c
 .debug_str     0x0000000000000000    0xbbbdd Core/Src/common.o
                                      0xbbed0 (size before relaxing)
 .debug_str     0x00000000000bbbdd      0x626 Core/Src/flash_if.o
                                      0xbc2c8 (size before relaxing)
 .debug_str     0x00000000000bc203      0x612 Core/Src/main.o
                                      0xbc612 (size before relaxing)
 .debug_str     0x00000000000bc815       0x95 Core/Src/menu.o
                                      0xbc611 (size before relaxing)
 .debug_str     0x00000000000bc8aa       0x56 Core/Src/stm32f4xx_hal_msp.o
                                      0xbbdf0 (size before relaxing)
 .debug_str     0x00000000000bc900       0xbd Core/Src/stm32f4xx_it.o
                                      0xbb8dc (size before relaxing)
 .debug_str     0x00000000000bc9bd       0xc4 Core/Src/system_stm32f4xx.o
                                      0xbb9d5 (size before relaxing)
 .debug_str     0x00000000000bca81     0x30fc Core/Src/ymodem.o
                                      0xbf6d9 (size before relaxing)
 .debug_str     0x00000000000bfb7d       0x36 Core/Startup/startup_stm32f407vgtx.o
                                         0x77 (size before relaxing)
 .debug_str     0x00000000000bfbb3      0xa29 Drivers/STM32F4xx_HAL_Driver/Src/stm32f4xx_hal.o
                                      0xbc4a2 (size before relaxing)
 .debug_str     0x00000000000c05dc      0x399 Drivers/STM32F4xx_HAL_Driver/Src/stm32f4xx_hal_cortex.o
                                      0xbc291 (size before relaxing)
 .debug_str     0x00000000000c0975      0x2a9 Drivers/STM32F4xx_HAL_Driver/Src/stm32f4xx_hal_flash.o
                                      0xbbbab (size before relaxing)
 .debug_str     0x00000000000c0c1e      0x1ad Drivers/STM32F4xx_HAL_Driver/Src/stm32f4xx_hal_flash_ex.o
                                      0xbbc11 (size before relaxing)
 .debug_str     0x00000000000c0dcb      0x20c Drivers/STM32F4xx_HAL_Driver/Src/stm32f4xx_hal_gpio.o
                                      0xbbc14 (size before relaxing)
 .debug_str     0x00000000000c0fd7      0x24e Drivers/STM32F4xx_HAL_Driver/Src/stm32f4xx_hal_rcc.o
                                      0xbbdc2 (size before relaxing)
 .debug_str     0x00000000000c1225      0x527 Drivers/STM32F4xx_HAL_Driver/Src/stm32f4xx_hal_uart.o
                                      0xbc221 (size before relaxing)

.comment        0x0000000000000000       0x7b
 .comment       0x0000000000000000       0x7b Core/Src/common.o
                                         0x7c (size before relaxing)
 .comment       0x000000000000007b       0x7c Core/Src/flash_if.o
 .comment       0x000000000000007b       0x7c Core/Src/main.o
 .comment       0x000000000000007b       0x7c Core/Src/menu.o
 .comment       0x000000000000007b       0x7c Core/Src/stm32f4xx_hal_msp.o
 .comment       0x000000000000007b       0x7c Core/Src/stm32f4xx_it.o
 .comment       0x000000000000007b       0x7c Core/Src/system_stm32f4xx.o
 .comment       0x000000000000007b       0x7c Core/Src/ymodem.o
 .comment       0x000000000000007b       0x7c Drivers/STM32F4xx_HAL_Driver/Src/stm32f4xx_hal.o
 .comment       0x000000000000007b       0x7c Drivers/STM32F4xx_HAL_Driver/Src/stm32f4xx_hal_cortex.o
 .comment       0x000000000000007b       0x7c Drivers/STM32F4xx_HAL_Driver/Src/stm32f4xx_hal_flash.o
 .comment       0x000000000000007b       0x7c Drivers/STM32F4xx_HAL_Driver/Src/stm32f4xx_hal_flash_ex.o
 .comment       0x000000000000007b       0x7c Drivers/STM32F4xx_HAL_Driver/Src/stm32f4xx_hal_gpio.o
 .comment       0x000000000000007b       0x7c Drivers/STM32F4xx_HAL_Driver/Src/stm32f4xx_hal_rcc.o
 .comment       0x000000000000007b       0x7c Drivers/STM32F4xx_HAL_Driver/Src/stm32f4xx_hal_uart.o

.debug_frame    0x0000000000000000     0x1ee0
 .debug_frame   0x0000000000000000       0xa8 Core/Src/common.o
 .debug_frame   0x00000000000000a8       0xe8 Core/Src/flash_if.o
 .debug_frame   0x0000000000000190       0xb4 Core/Src/main.o
 .debug_frame   0x0000000000000244       0x78 Core/Src/menu.o
 .debug_frame   0x00000000000002bc       0x80 Core/Src/stm32f4xx_hal_msp.o
 .debug_frame   0x000000000000033c      0x10c Core/Src/stm32f4xx_it.o
 .debug_frame   0x0000000000000448       0x58 Core/Src/system_stm32f4xx.o
 .debug_frame   0x00000000000004a0      0x144 Core/Src/ymodem.o
 .debug_frame   0x00000000000005e4      0x374 Drivers/STM32F4xx_HAL_Driver/Src/stm32f4xx_hal.o
 .debug_frame   0x0000000000000958      0x498 Drivers/STM32F4xx_HAL_Driver/Src/stm32f4xx_hal_cortex.o
 .debug_frame   0x0000000000000df0      0x274 Drivers/STM32F4xx_HAL_Driver/Src/stm32f4xx_hal_flash.o
 .debug_frame   0x0000000000001064      0x250 Drivers/STM32F4xx_HAL_Driver/Src/stm32f4xx_hal_flash_ex.o
 .debug_frame   0x00000000000012b4      0x14c Drivers/STM32F4xx_HAL_Driver/Src/stm32f4xx_hal_gpio.o
 .debug_frame   0x0000000000001400      0x1f0 Drivers/STM32F4xx_HAL_Driver/Src/stm32f4xx_hal_rcc.o
 .debug_frame   0x00000000000015f0      0x844 Drivers/STM32F4xx_HAL_Driver/Src/stm32f4xx_hal_uart.o
 .debug_frame   0x0000000000001e34       0x2c c:/st/stm32cubeide_1.1.0/stm32cubeide/plugins/com.st.stm32cube.ide.mcu.externaltools.gnu-tools-for-stm32.7-2018-q2-update.win32_1.0.0.201904181610/tools/bin/../lib/gcc/arm-none-eabi/7.3.1/../../../../arm-none-eabi/lib/thumb/v7e-m/fpv4-sp/hard\libc_nano.a(lib_a-init.o)
 .debug_frame   0x0000000000001e60       0x20 c:/st/stm32cubeide_1.1.0/stm32cubeide/plugins/com.st.stm32cube.ide.mcu.externaltools.gnu-tools-for-stm32.7-2018-q2-update.win32_1.0.0.201904181610/tools/bin/../lib/gcc/arm-none-eabi/7.3.1/../../../../arm-none-eabi/lib/thumb/v7e-m/fpv4-sp/hard\libc_nano.a(lib_a-memset.o)
 .debug_frame   0x0000000000001e80       0x2c c:/st/stm32cubeide_1.1.0/stm32cubeide/plugins/com.st.stm32cube.ide.mcu.externaltools.gnu-tools-for-stm32.7-2018-q2-update.win32_1.0.0.201904181610/tools/bin/../lib/gcc/arm-none-eabi/7.3.1/thumb/v7e-m/fpv4-sp/hard\libgcc.a(_aeabi_uldivmod.o)
 .debug_frame   0x0000000000001eac       0x34 c:/st/stm32cubeide_1.1.0/stm32cubeide/plugins/com.st.stm32cube.ide.mcu.externaltools.gnu-tools-for-stm32.7-2018-q2-update.win32_1.0.0.201904181610/tools/bin/../lib/gcc/arm-none-eabi/7.3.1/thumb/v7e-m/fpv4-sp/hard\libgcc.a(_udivmoddi4.o)
